%%MatrixMarket matrix coordinate real general
6 2 10
1 1 2.13809
1 2 1.00000
2 1 3.38879
3 1 1.06904
3 2 3.00000
4 2 1.58496
5 1 1.06904
5 2 2.00000
6 1 2.13809
6 2 1.00000
